❌ <b>Simple Alert</b>
&#34;!&lt;Simple alert&gt;!&#34;
