L2 node node_name is at 100 for more than 5 minutes
