```yaml
âœ… UnreachableAlert issue has been resolved
```
