```yaml
🎯 Base target is greater than the threshold value. The threshold value is 101

Node: test1
Base Target: 150

Node: test2
Base Target: 510


```
