🎯 <b>Base target is greater than the threshold value. The threshold value is 101</b>

<code>test1</code>
Base Target: <code>150</code>
<code>test2</code>
Base Target: <code>510</code>
