ðŸš¨ The block <code>4wBqpZLLi8G2oXgScS3ipLzLdrJ1MFu6ghJzHNV6ym1</code> has been challenged. Found on the following nodes:

- <code>node1</code>

- <code>node2</code>

- <code>node3</code>

