```yaml
ðŸš¨ The block 4wBqpZLLi8G2oXgScS3ipLzLdrJ1MFu6ghJzHNV6ym1 has been challenged. Found on the following nodes:

- node1

- node2

- node3

```
