ðŸ“ˆ <b>Some node(s) are 1 blocks behind</b>

First group with height <code>2</code>:
<code>node 3</code>
<code>node 4</code>

Second group with height <code>1</code>:
<code>node 1</code>
<code>node 2</code>

