❗️<b>Incomplete Alert</b>
Incomplete statement for node a 1 at height 1
