```yaml
❌ Invalid Height Alert
Node a 1 has an invalid height 1
```
