❌ <b>Invalid Height Alert</b>
Node a 1 has an invalid height 1
