ðŸ”± <b>Nodes are on different chains at height</b> <code>100</code>

<i>BlockID:</i> <code>1111111ogCyDbaRMvkdsHB3qfdyFYaG1WtRUAfdh</code>
<code>a</code>

<i>BlockID:</i> <code>1111111ogCyDbaRMvkdsHB3qfdyFYaG1WtRUAfdh</code>
<code>b</code>

<i>Last common Block:</i> <code>1111111ogCyDbaRMvkdsHB3qfdyFYaG1WtRUAfdh</code> at <code>1</code>

