```yaml
ðŸ“Š Nodes on the same chain have diverging state hashes at 100

State Hash (First group): 0000000000000066000000000000000000000000000000000000000000000000
a

State Hash (Second group): 0000000000000066000000000000000000000000000000000000000000000000
b

Fork occurred after block 1
BlockID: 1111111ogCyDbaRMvkdsHB3qfdyFYaG1WtRUAfdh
State Hash: 0000000000000066000000000000000000000000000000000000000000000000

```
