```yaml
ðŸ”± Nodes are on different chains at height 100

BlockID (First group): 1111111ogCyDbaRMvkdsHB3qfdyFYaG1WtRUAfdh
a

BlockID (Second group): 1111111ogCyDbaRMvkdsHB3qfdyFYaG1WtRUAfdh
b

Last common Block: 1111111ogCyDbaRMvkdsHB3qfdyFYaG1WtRUAfdh at 1
```
