The list of nodes being monitored:

<code>al</code>

<code>la</code>

<code>b</code>

<code>m</code>

