Nodes:

some-url

another-url

one-more-url


have the same hashes at height