These nodes have different hashes:

some-url
StateHash: some-sum-hash
BlockID: some-block-id

another-url
StateHash: another-sum-hash
BlockID: another-block-id

one-more-url
StateHash: one-more-sum-hash
BlockID: one-more-block-id


at height