âœ… All 3 nodes are on the same chain at height 5

BlockID: some-block-id
Generator: some-generator
