Status ‚è±

All <b>101</b> nodes have the same hashes at height <code>31425 (this_should_be_a_string_probably)</code>
