These nodes are unavailable:

<code>some-url

</code><code>another-url

</code><code>one-more-url

</code>
