These nodes are unavailable:

some-url

another-url

one-more-url


