âœ… All <b>3</b> nodes are on the same chain at height <code>5</code>

BlockID: <code>some-block-id</code>
Generator: <code>some-generator</code>
