These nodes have current heights:

<code>some-url</code>
Height: <b>1234
</b>
<code>another-url</code>
Height: <b>4321
</b>
<code>one-more-url</code>
Height: <b>9876543245
</b>
