These nodes have current heights:

some-url
Height: 1234

another-url
Height: 4321

one-more-url
Height: 9876543245

