<b>Node:</b> blah-blah

<b>Version:</b> v1.0.1

<b>Height:</b> 999

<b>Timestamp:</b> 1000500

<b>StateHash:</b> sample-state-hash