Nodes

<code>some-url
</code>
<code>another-url
</code>
<code>one-more-url
</code>

have the same hashes at height