```yaml
Status ‚è±

All 101 nodes have the same hashes at height 31425 (this_should_be_a_string_probably)
```