I am subscribed to:

✅ <code>SubscribedToFirst</code>✅ <code>SubscribedToSecond</code> 

❌ <code>UnsubscribedFromFirst</code>❌ <code>UnsubscribedFromSecond</code>
